// Jest Snapshot v1, https://goo.gl/fbAQLP

exports[`<Accordion> should allow custom indexes and keys on sections: index=1 open, index=0 closed 1`] = `
<DocumentFragment>
  <div
    aria-controls="ðŸ…°13"
    aria-disabled="true"
    aria-expanded="true"
    role="button"
    tabindex="0"
  />
  <div
    aria-controls="ðŸ…°14"
    aria-disabled="false"
    aria-expanded="false"
    role="button"
    tabindex="0"
  />
</DocumentFragment>
`;

exports[`<Accordion> should not throw if it has no open sections and allowAllClosed is true 1`] = `
<DocumentFragment>
  <div />
</DocumentFragment>
`;

exports[`<Accordion> should render multiple defaultOpen: index=0 open, index=1 open 1`] = `
<DocumentFragment>
  <div
    aria-controls="ðŸ…°5"
    aria-disabled="false"
    aria-expanded="true"
    role="button"
    tabindex="0"
  />
  <div
    aria-hidden="false"
    id="ðŸ…°5"
    style="visibility: visible;"
  />
  <div
    aria-controls="ðŸ…°6"
    aria-disabled="false"
    aria-expanded="true"
    role="button"
    tabindex="0"
  />
  <div
    aria-hidden="false"
    id="ðŸ…°6"
    style="visibility: visible;"
  />
</DocumentFragment>
`;

exports[`<Accordion> should render multiple open: index=0 open, index=1 open 1`] = `
<DocumentFragment>
  <div
    aria-controls="ðŸ…°11"
    aria-disabled="false"
    aria-expanded="true"
    role="button"
    tabindex="0"
  />
  <div
    aria-hidden="false"
    id="ðŸ…°11"
    style="visibility: visible;"
  />
  <div
    aria-controls="ðŸ…°12"
    aria-disabled="false"
    aria-expanded="true"
    role="button"
    tabindex="0"
  />
  <div
    aria-hidden="false"
    id="ðŸ…°12"
    style="visibility: visible;"
  />
</DocumentFragment>
`;

exports[`<Accordion> should render singular defaultOpen w/ array: index=0 closed, index=1 open 1`] = `
<DocumentFragment>
  <div
    aria-controls="ðŸ…°3"
    aria-disabled="false"
    aria-expanded="false"
    role="button"
    tabindex="0"
  />
  <div
    aria-hidden="true"
    id="ðŸ…°3"
    style="visibility: hidden;"
  />
  <div
    aria-controls="ðŸ…°4"
    aria-disabled="true"
    aria-expanded="true"
    role="button"
    tabindex="0"
  />
  <div
    aria-hidden="false"
    id="ðŸ…°4"
    style="visibility: visible;"
  />
</DocumentFragment>
`;

exports[`<Accordion> should render singular defaultOpen: index=0 closed, index=1 open 1`] = `
<DocumentFragment>
  <div
    aria-controls="ðŸ…°1"
    aria-disabled="false"
    aria-expanded="false"
    role="button"
    tabindex="0"
  />
  <div
    aria-hidden="true"
    id="ðŸ…°1"
    style="visibility: hidden;"
  />
  <div
    aria-controls="ðŸ…°2"
    aria-disabled="true"
    aria-expanded="true"
    role="button"
    tabindex="0"
  />
  <div
    aria-hidden="false"
    id="ðŸ…°2"
    style="visibility: visible;"
  />
</DocumentFragment>
`;

exports[`<Accordion> should render singular open w/ array: index=0 closed, index=1 open 1`] = `
<DocumentFragment>
  <div
    aria-controls="ðŸ…°9"
    aria-disabled="false"
    aria-expanded="false"
    role="button"
    tabindex="0"
  />
  <div
    aria-hidden="true"
    id="ðŸ…°9"
    style="visibility: hidden;"
  />
  <div
    aria-controls="ðŸ…°10"
    aria-disabled="true"
    aria-expanded="true"
    role="button"
    tabindex="0"
  />
  <div
    aria-hidden="false"
    id="ðŸ…°10"
    style="visibility: visible;"
  />
</DocumentFragment>
`;

exports[`<Accordion> should render singular open: index=0 closed, index=1 open 1`] = `
<DocumentFragment>
  <div
    aria-controls="ðŸ…°7"
    aria-disabled="false"
    aria-expanded="false"
    role="button"
    tabindex="0"
  />
  <div
    aria-hidden="true"
    id="ðŸ…°7"
    style="visibility: hidden;"
  />
  <div
    aria-controls="ðŸ…°8"
    aria-disabled="true"
    aria-expanded="true"
    role="button"
    tabindex="0"
  />
  <div
    aria-hidden="false"
    id="ðŸ…°8"
    style="visibility: visible;"
  />
</DocumentFragment>
`;

exports[`<Accordion> should throw if it has no child Sections 1`] = `"Accordion requires that all of its direct children be Section components."`;

exports[`<Accordion> should throw if it has no open sections and allowAllClosed is false 1`] = `"Accordion requires at least one section to be open, but there were no opened sections."`;

exports[`<Accordion> should throw on multiple defaultOpen if allowMultipleOpen is false 1`] = `"You must enable 'allowMultipleOpen' in order to open multiple sections at once."`;

exports[`<Accordion> should throw on multiple open if allowMultipleOpen is false 1`] = `"You must enable 'allowMultipleOpen' in order to open multiple sections at once."`;

exports[`<Close> should close its parent section if allowAllClosed is true: hidden 1`] = `
<DocumentFragment>
  <div
    aria-controls="ðŸ…°44"
    aria-disabled="false"
    aria-expanded="false"
    role="button"
    tabindex="0"
  />
  <div
    aria-hidden="true"
    id="ðŸ…°44"
    style="visibility: hidden;"
  >
    <button
      aria-controls="ðŸ…°44"
      aria-disabled="false"
      aria-expanded="false"
      aria-label="Close section"
      data-testid="btn"
      role="button"
      tabindex="0"
    />
  </div>
</DocumentFragment>
`;

exports[`<Close> should close its parent section if allowAllClosed is true: visible 1`] = `
<DocumentFragment>
  <div
    aria-controls="ðŸ…°44"
    aria-disabled="false"
    aria-expanded="true"
    role="button"
    tabindex="0"
  />
  <div
    aria-hidden="false"
    id="ðŸ…°44"
    style="visibility: visible;"
  >
    <button
      aria-controls="ðŸ…°44"
      aria-disabled="true"
      aria-expanded="true"
      aria-label="Close section"
      data-testid="btn"
      role="button"
      tabindex="0"
    />
  </div>
</DocumentFragment>
`;

exports[`<Close> should fire child onClick: hidden 1`] = `
<DocumentFragment>
  <div
    aria-controls="ðŸ…°46"
    aria-disabled="false"
    aria-expanded="false"
    role="button"
    tabindex="0"
  />
  <div
    aria-hidden="true"
    id="ðŸ…°46"
    style="visibility: hidden;"
  >
    <button
      aria-controls="ðŸ…°46"
      aria-disabled="false"
      aria-expanded="false"
      aria-label="Close section"
      data-testid="btn"
      role="button"
      tabindex="0"
    />
  </div>
</DocumentFragment>
`;

exports[`<Close> should fire child onClick: visible 1`] = `
<DocumentFragment>
  <div
    aria-controls="ðŸ…°46"
    aria-disabled="false"
    aria-expanded="true"
    role="button"
    tabindex="0"
  />
  <div
    aria-hidden="false"
    id="ðŸ…°46"
    style="visibility: visible;"
  >
    <button
      aria-controls="ðŸ…°46"
      aria-disabled="true"
      aria-expanded="true"
      aria-label="Close section"
      data-testid="btn"
      role="button"
      tabindex="0"
    />
  </div>
</DocumentFragment>
`;

exports[`<Close> should not close its parent section if allowAllClosed is false: visible [despite click] 1`] = `
<DocumentFragment>
  <div
    aria-controls="ðŸ…°45"
    aria-disabled="true"
    aria-expanded="true"
    role="button"
    tabindex="0"
  />
  <div
    aria-hidden="false"
    id="ðŸ…°45"
    style="visibility: visible;"
  >
    <button
      aria-controls="ðŸ…°45"
      aria-disabled="true"
      aria-expanded="true"
      aria-label="Close section"
      data-testid="btn"
      role="button"
      tabindex="0"
    />
  </div>
</DocumentFragment>
`;

exports[`<Close> should not close its parent section if allowAllClosed is false: visible 1`] = `
<DocumentFragment>
  <div
    aria-controls="ðŸ…°45"
    aria-disabled="true"
    aria-expanded="true"
    role="button"
    tabindex="0"
  />
  <div
    aria-hidden="false"
    id="ðŸ…°45"
    style="visibility: visible;"
  >
    <button
      aria-controls="ðŸ…°45"
      aria-disabled="true"
      aria-expanded="true"
      aria-label="Close section"
      data-testid="btn"
      role="button"
      tabindex="0"
    />
  </div>
</DocumentFragment>
`;

exports[`<Panel> should apply custom class: closed + custom 1`] = `
<DocumentFragment>
  <button
    aria-controls="ðŸ…°40"
    aria-disabled="false"
    aria-expanded="false"
    data-testid="btn"
    role="button"
    tabindex="0"
  />
  <div
    aria-hidden="true"
    class="custom closed"
    id="ðŸ…°40"
    style="visibility: hidden;"
  >
    open me
  </div>
</DocumentFragment>
`;

exports[`<Panel> should apply custom class: open + custom 1`] = `
<DocumentFragment>
  <button
    aria-controls="ðŸ…°40"
    aria-disabled="false"
    aria-expanded="true"
    data-testid="btn"
    role="button"
    tabindex="0"
  />
  <div
    aria-hidden="false"
    class="custom open"
    id="ðŸ…°40"
    style="visibility: visible;"
  >
    open me
  </div>
</DocumentFragment>
`;

exports[`<Panel> should apply custom styles: display: block, height: 300 1`] = `
<DocumentFragment>
  <button
    aria-controls="ðŸ…°41"
    aria-disabled="false"
    aria-expanded="true"
    data-testid="btn"
    role="button"
    tabindex="0"
  />
  <div
    aria-hidden="false"
    id="ðŸ…°41"
    style="visibility: visible; height: 300px; display: block;"
  >
    open me
  </div>
</DocumentFragment>
`;

exports[`<Panel> should apply custom styles: display: none, height: 300 1`] = `
<DocumentFragment>
  <button
    aria-controls="ðŸ…°41"
    aria-disabled="false"
    aria-expanded="false"
    data-testid="btn"
    role="button"
    tabindex="0"
  />
  <div
    aria-hidden="true"
    id="ðŸ…°41"
    style="visibility: hidden; height: 300px; display: none;"
  >
    open me
  </div>
</DocumentFragment>
`;

exports[`<Panel> should apply open/closed classes: closed 1`] = `
<DocumentFragment>
  <button
    aria-controls="ðŸ…°38"
    aria-disabled="false"
    aria-expanded="false"
    data-testid="btn"
    role="button"
    tabindex="0"
  />
  <div
    aria-hidden="true"
    class="closed"
    id="ðŸ…°38"
    style="visibility: hidden;"
  >
    open me
  </div>
</DocumentFragment>
`;

exports[`<Panel> should apply open/closed classes: open 1`] = `
<DocumentFragment>
  <button
    aria-controls="ðŸ…°38"
    aria-disabled="false"
    aria-expanded="true"
    data-testid="btn"
    role="button"
    tabindex="0"
  />
  <div
    aria-hidden="false"
    class="open"
    id="ðŸ…°38"
    style="visibility: visible;"
  >
    open me
  </div>
</DocumentFragment>
`;

exports[`<Panel> should apply open/closed styles: display: block 1`] = `
<DocumentFragment>
  <button
    aria-controls="ðŸ…°39"
    aria-disabled="false"
    aria-expanded="true"
    data-testid="btn"
    role="button"
    tabindex="0"
  />
  <div
    aria-hidden="false"
    id="ðŸ…°39"
    style="visibility: visible; display: block;"
  >
    open me
  </div>
</DocumentFragment>
`;

exports[`<Panel> should apply open/closed styles: display: none 1`] = `
<DocumentFragment>
  <button
    aria-controls="ðŸ…°39"
    aria-disabled="false"
    aria-expanded="false"
    data-testid="btn"
    role="button"
    tabindex="0"
  />
  <div
    aria-hidden="true"
    id="ðŸ…°39"
    style="visibility: hidden; display: none;"
  >
    open me
  </div>
</DocumentFragment>
`;

exports[`<Panel> should close on escape if closeOnEscape is false: closed initially 1`] = `
<DocumentFragment>
  <button
    aria-controls="ðŸ…°43"
    aria-disabled="false"
    aria-expanded="false"
    data-testid="btn"
    role="button"
    tabindex="0"
  />
  <div
    aria-hidden="true"
    data-testid="panel"
    id="ðŸ…°43"
    style="visibility: hidden;"
  >
    open me
  </div>
</DocumentFragment>
`;

exports[`<Panel> should close on escape if closeOnEscape is false: open [despite escape] 1`] = `
<DocumentFragment>
  <button
    aria-controls="ðŸ…°43"
    aria-disabled="false"
    aria-expanded="true"
    data-testid="btn"
    role="button"
    tabindex="0"
  />
  <div
    aria-hidden="false"
    data-testid="panel"
    id="ðŸ…°43"
    style="visibility: visible;"
  >
    open me
  </div>
</DocumentFragment>
`;

exports[`<Panel> should close on escape if closeOnEscape is false: open 1`] = `
<DocumentFragment>
  <button
    aria-controls="ðŸ…°43"
    aria-disabled="false"
    aria-expanded="true"
    data-testid="btn"
    role="button"
    tabindex="0"
  />
  <div
    aria-hidden="false"
    data-testid="panel"
    id="ðŸ…°43"
    style="visibility: visible;"
  >
    open me
  </div>
</DocumentFragment>
`;

exports[`<Panel> should close on escape: closed 1`] = `
<DocumentFragment>
  <button
    aria-controls="ðŸ…°42"
    aria-disabled="false"
    aria-expanded="false"
    data-testid="btn"
    role="button"
    tabindex="0"
  />
  <div
    aria-hidden="true"
    data-testid="panel"
    id="ðŸ…°42"
    style="visibility: hidden; height: 300px; display: none;"
  >
    open me
  </div>
</DocumentFragment>
`;

exports[`<Panel> should close on escape: closed initially 1`] = `
<DocumentFragment>
  <button
    aria-controls="ðŸ…°42"
    aria-disabled="false"
    aria-expanded="false"
    data-testid="btn"
    role="button"
    tabindex="0"
  />
  <div
    aria-hidden="true"
    data-testid="panel"
    id="ðŸ…°42"
    style="visibility: hidden; height: 300px; display: none;"
  >
    open me
  </div>
</DocumentFragment>
`;

exports[`<Panel> should close on escape: open 1`] = `
<DocumentFragment>
  <button
    aria-controls="ðŸ…°42"
    aria-disabled="false"
    aria-expanded="true"
    data-testid="btn"
    role="button"
    tabindex="0"
  />
  <div
    aria-hidden="false"
    data-testid="panel"
    id="ðŸ…°42"
    style="visibility: visible; height: 300px; display: block;"
  >
    open me
  </div>
</DocumentFragment>
`;

exports[`<Section> should override default ID: aria-controls=custom, id=custom 1`] = `
<DocumentFragment>
  <div
    aria-controls="custom"
    aria-disabled="true"
    aria-expanded="true"
    role="button"
    tabindex="0"
  />
  <div
    aria-hidden="false"
    id="custom"
    style="visibility: visible;"
  />
</DocumentFragment>
`;

exports[`<Section> should provide context to child function 1`] = `
Object {
  "close": [Function],
  "disabled": false,
  "id": "custom",
  "index": 0,
  "isOpen": true,
  "open": [Function],
  "toggle": [Function],
  "triggerRef": Object {
    "current": null,
  },
}
`;

exports[`<Trigger> should apply custom class: closed + custom 1`] = `
<DocumentFragment>
  <button
    aria-controls="ðŸ…°29"
    aria-disabled="false"
    aria-expanded="false"
    class="custom closed"
    data-testid="btn"
    role="button"
    tabindex="0"
  >
    open me
  </button>
</DocumentFragment>
`;

exports[`<Trigger> should apply custom class: open + custom 1`] = `
<DocumentFragment>
  <button
    aria-controls="ðŸ…°29"
    aria-disabled="false"
    aria-expanded="true"
    class="custom open"
    data-testid="btn"
    role="button"
    tabindex="0"
  >
    open me
  </button>
</DocumentFragment>
`;

exports[`<Trigger> should apply custom styles: display: block, height: 300 1`] = `
<DocumentFragment>
  <button
    aria-controls="ðŸ…°30"
    aria-disabled="false"
    aria-expanded="true"
    data-testid="btn"
    role="button"
    style="height: 300px; display: block;"
    tabindex="0"
  >
    open me
  </button>
</DocumentFragment>
`;

exports[`<Trigger> should apply custom styles: display: none, height: 300 1`] = `
<DocumentFragment>
  <button
    aria-controls="ðŸ…°30"
    aria-disabled="false"
    aria-expanded="false"
    data-testid="btn"
    role="button"
    style="height: 300px; display: none;"
    tabindex="0"
  >
    open me
  </button>
</DocumentFragment>
`;

exports[`<Trigger> should apply open/closed classes: closed 1`] = `
<DocumentFragment>
  <button
    aria-controls="ðŸ…°27"
    aria-disabled="false"
    aria-expanded="false"
    class="closed"
    data-testid="btn"
    role="button"
    tabindex="0"
  >
    open me
  </button>
</DocumentFragment>
`;

exports[`<Trigger> should apply open/closed classes: open 1`] = `
<DocumentFragment>
  <button
    aria-controls="ðŸ…°27"
    aria-disabled="false"
    aria-expanded="true"
    class="open"
    data-testid="btn"
    role="button"
    tabindex="0"
  >
    open me
  </button>
</DocumentFragment>
`;

exports[`<Trigger> should apply open/closed styles: display: block 1`] = `
<DocumentFragment>
  <button
    aria-controls="ðŸ…°28"
    aria-disabled="false"
    aria-expanded="true"
    data-testid="btn"
    role="button"
    style="display: block;"
    tabindex="0"
  >
    open me
  </button>
</DocumentFragment>
`;

exports[`<Trigger> should apply open/closed styles: display: none 1`] = `
<DocumentFragment>
  <button
    aria-controls="ðŸ…°28"
    aria-disabled="false"
    aria-expanded="false"
    data-testid="btn"
    role="button"
    style="display: none;"
    tabindex="0"
  >
    open me
  </button>
</DocumentFragment>
`;
